// Jest Snapshot v1, https://goo.gl/fbAQLP

exports[`StoryInput should render correctly 1`] = `
<DocumentFragment>
  <div
    class="story-container"
  >
    <div
      class="MuiBox-root css-ibnnmb"
    >
      <div>
        <div
          class="story-header MuiBox-root css-a75as2"
        >
          <div
            class="MuiBox-root css-c6gfdp"
          >
            SERIAL NO.
          </div>
          <div
            class="MuiBox-root css-c6gfdp"
          >
            STORIES
          </div>
          <div
            class="MuiBox-root css-c6gfdp"
          >
            DEPENDENCIES
          </div>
          <div
            class="MuiBox-root css-c6gfdp"
          >
            DEVELOPER
          </div>
          <div
            class="MuiBox-root css-c6gfdp"
          >
            STORY POINTS
          </div>
        </div>
        <div
          class="story-list"
        >
          <p
            style="font-size: 1.3rem;"
          >
            No Stories
          </p>
        </div>
      </div>
      <form
        class="story-container-form"
      >
        <div
          class="MuiBox-root css-fjbo4z"
        >
          <div />
          <div
            class="MuiBox-root css-1u7cntq"
          >
            <div>
              <div
                class="MuiFormControl-root MuiTextField-root css-1u3bzj6-MuiFormControl-root-MuiTextField-root"
                style="width: 100%;"
              >
                <div
                  class="MuiInputBase-root MuiOutlinedInput-root MuiInputBase-colorPrimary MuiInputBase-formControl css-9ddj71-MuiInputBase-root-MuiOutlinedInput-root"
                >
                  <input
                    aria-invalid="false"
                    class="MuiInputBase-input MuiOutlinedInput-input css-1t8l2tu-MuiInputBase-input-MuiOutlinedInput-input"
                    id=":r0:"
                    name="story"
                    placeholder="Enter Story Title"
                    type="text"
                    value=""
                  />
                  <fieldset
                    aria-hidden="true"
                    class="MuiOutlinedInput-notchedOutline css-1d3z3hw-MuiOutlinedInput-notchedOutline"
                  >
                    <legend
                      class="css-ihdtdm"
                    >
                      <span
                        class="notranslate"
                      >
                        ​
                      </span>
                    </legend>
                  </fieldset>
                </div>
              </div>
            </div>
          </div>
          <div
            class="MuiFormControl-root css-2m9kme-MuiFormControl-root"
            style="background-color: white; border-radius: 10px;"
          >
            <label
              class="MuiFormLabel-root MuiInputLabel-root MuiInputLabel-formControl MuiInputLabel-animated MuiInputLabel-standard MuiFormLabel-colorPrimary MuiInputLabel-root MuiInputLabel-formControl MuiInputLabel-animated MuiInputLabel-standard css-pi2kei-MuiFormLabel-root-MuiInputLabel-root"
              data-shrink="false"
              for="uncontrolled-native"
            >
              Story Dependency
            </label>
            <div
              class="MuiInputBase-root MuiOutlinedInput-root MuiInputBase-colorPrimary MuiInputBase-formControl css-4u1c9l-MuiInputBase-root-MuiOutlinedInput-root"
            >
              <div
                aria-expanded="false"
                aria-haspopup="listbox"
                aria-labelledby="demo-multiple-name-label demo-multiple-name"
                class="MuiSelect-select MuiSelect-outlined MuiSelect-multiple MuiInputBase-input MuiOutlinedInput-input css-11u53oe-MuiSelect-select-MuiInputBase-input-MuiOutlinedInput-input"
                id="demo-multiple-name"
                role="button"
                tabindex="0"
              >
                <span
                  class="notranslate"
                >
                  ​
                </span>
              </div>
              <input
                aria-hidden="true"
                class="MuiSelect-nativeInput css-yf8vq0-MuiSelect-nativeInput"
                id="select-multiple-chip"
                tabindex="-1"
                value=""
              />
              <svg
                aria-hidden="true"
                class="MuiSvgIcon-root MuiSvgIcon-fontSizeMedium MuiSelect-icon MuiSelect-iconOutlined css-hfutr2-MuiSvgIcon-root-MuiSelect-icon"
                data-testid="ArrowDropDownIcon"
                focusable="false"
                viewBox="0 0 24 24"
              >
                <path
                  d="M7 10l5 5 5-5z"
                />
              </svg>
              <fieldset
                aria-hidden="true"
                class="MuiOutlinedInput-notchedOutline css-1d3z3hw-MuiOutlinedInput-notchedOutline"
              >
                <legend
                  class="css-yjsfm1"
                >
                  <span>
                    Chip
                  </span>
                </legend>
              </fieldset>
            </div>
          </div>
          <div
            class="MuiFormControl-root css-2m9kme-MuiFormControl-root"
            style="background-color: white; border-radius: 10px;"
          >
            <label
              class="MuiFormLabel-root MuiInputLabel-root MuiInputLabel-formControl MuiInputLabel-animated MuiInputLabel-standard MuiFormLabel-colorPrimary MuiInputLabel-root MuiInputLabel-formControl MuiInputLabel-animated MuiInputLabel-standard css-pi2kei-MuiFormLabel-root-MuiInputLabel-root"
              data-shrink="false"
              for="uncontrolled-native"
            >
              Auto assign Developer
            </label>
            <div
              class="MuiInputBase-root MuiOutlinedInput-root MuiInputBase-colorPrimary MuiInputBase-formControl css-4u1c9l-MuiInputBase-root-MuiOutlinedInput-root"
            >
              <div
                aria-expanded="false"
                aria-haspopup="listbox"
                class="MuiSelect-select MuiSelect-outlined MuiInputBase-input MuiOutlinedInput-input css-11u53oe-MuiSelect-select-MuiInputBase-input-MuiOutlinedInput-input"
                role="button"
                tabindex="0"
              >
                <span
                  class="notranslate"
                >
                  ​
                </span>
              </div>
              <input
                aria-hidden="true"
                class="MuiSelect-nativeInput css-yf8vq0-MuiSelect-nativeInput"
                tabindex="-1"
                value=""
              />
              <svg
                aria-hidden="true"
                class="MuiSvgIcon-root MuiSvgIcon-fontSizeMedium MuiSelect-icon MuiSelect-iconOutlined css-hfutr2-MuiSvgIcon-root-MuiSelect-icon"
                data-testid="ArrowDropDownIcon"
                focusable="false"
                viewBox="0 0 24 24"
              >
                <path
                  d="M7 10l5 5 5-5z"
                />
              </svg>
              <fieldset
                aria-hidden="true"
                class="MuiOutlinedInput-notchedOutline css-1d3z3hw-MuiOutlinedInput-notchedOutline"
              >
                <legend
                  class="css-ihdtdm"
                >
                  <span
                    class="notranslate"
                  >
                    ​
                  </span>
                </legend>
              </fieldset>
            </div>
          </div>
          <div
            class="MuiBox-root css-1u7cntq"
          >
            <div>
              <div
                class="MuiFormControl-root MuiTextField-root css-1u3bzj6-MuiFormControl-root-MuiTextField-root"
                style="width: 100%;"
              >
                <div
                  class="MuiInputBase-root MuiOutlinedInput-root MuiInputBase-colorPrimary MuiInputBase-formControl css-9ddj71-MuiInputBase-root-MuiOutlinedInput-root"
                >
                  <input
                    aria-invalid="false"
                    class="MuiInputBase-input MuiOutlinedInput-input css-1t8l2tu-MuiInputBase-input-MuiOutlinedInput-input"
                    id=":r1:"
                    name="storyPoints"
                    placeholder="Enter Story Points"
                    type="text"
                    value=""
                  />
                  <fieldset
                    aria-hidden="true"
                    class="MuiOutlinedInput-notchedOutline css-1d3z3hw-MuiOutlinedInput-notchedOutline"
                  >
                    <legend
                      class="css-ihdtdm"
                    >
                      <span
                        class="notranslate"
                      >
                        ​
                      </span>
                    </legend>
                  </fieldset>
                </div>
              </div>
            </div>
          </div>
          <button
            class="MuiButtonBase-root MuiFab-root MuiFab-contained MuiFab-sizeLarge MuiFab-primary MuiFab-root MuiFab-contained MuiFab-sizeLarge MuiFab-primary css-1fo2sjy-MuiButtonBase-root-MuiFab-root"
            style="margin: auto; display: flex;"
            tabindex="0"
            type="submit"
          >
            +
            <span
              class="MuiTouchRipple-root css-8je8zh-MuiTouchRipple-root"
            />
          </button>
          <div />
        </div>
      </form>
    </div>
  </div>
</DocumentFragment>
`;
