// Jest Snapshot v1, https://goo.gl/fbAQLP

exports[`ErrorModal renders without crashing 1`] = `[Function]`;
